../Drivers/STM32L4xx_HAL_Driver/Inc/stm32l4xx_ll_system.h:773:22:LL_SYSCFG_SetEXTISource	2
../Drivers/STM32L4xx_HAL_Driver/Inc/stm32l4xx_ll_gpio.h:285:22:LL_GPIO_SetPinMode	3
../Drivers/STM32L4xx_HAL_Driver/Inc/stm32l4xx_ll_gpio.h:354:22:LL_GPIO_SetPinOutputType	1
../Drivers/STM32L4xx_HAL_Driver/Inc/stm32l4xx_ll_gpio.h:496:22:LL_GPIO_SetPinPull	3
../Drivers/STM32L4xx_HAL_Driver/Inc/stm32l4xx_ll_gpio.h:956:22:LL_GPIO_SetOutputPin	1
../Drivers/STM32L4xx_HAL_Driver/Inc/stm32l4xx_ll_gpio.h:985:22:LL_GPIO_ResetOutputPin	1
../Drivers/STM32L4xx_HAL_Driver/Inc/stm32l4xx_ll_bus.h:563:22:LL_AHB2_GRP1_EnableClock	1
../Core/Src/main.c:141:5:main	1
../Core/Src/main.c:252:6:SystemClock_Config	4
../Core/Src/main.c:313:13:MX_CAN1_Init	2
../Core/Src/main.c:390:13:MX_DAC1_Init	3
../Core/Src/main.c:433:13:MX_TIM2_Init	6
../Core/Src/main.c:492:13:MX_USART2_UART_Init	2
../Core/Src/main.c:527:13:MX_GPIO_Init	1
../Core/Src/main.c:620:6:Read_CAN_Frame_From_FIFO0	2
../Core/Src/main.c:628:6:Read_CAN_Frame_From_FIFO1	2
../Core/Src/main.c:644:6:StartDefaultTask	1
../Core/Src/main.c:662:6:Interpret_CAN_Msg_Id1	9
../Core/Src/main.c:702:6:Update_Stepper_Motor_Task	1
../Core/Src/main.c:721:6:Interpret_CAN_Msg_Id2	10
../Core/Src/main.c:768:6:Update_Standalone_Op_Task	1
../Core/Src/main.c:788:6:HAL_TIM_PeriodElapsedCallback	2
../Core/Src/main.c:805:6:Error_Handler	1
