../Drivers/STM32L4xx_HAL_Driver/Inc/stm32l4xx_ll_gpio.h:285:22:LL_GPIO_SetPinMode	48	static,ignoring_inline_asm
../Drivers/STM32L4xx_HAL_Driver/Inc/stm32l4xx_ll_gpio.h:354:22:LL_GPIO_SetPinOutputType	24	static
../Drivers/STM32L4xx_HAL_Driver/Inc/stm32l4xx_ll_gpio.h:388:26:LL_GPIO_GetPinOutputType	32	static,ignoring_inline_asm
../Drivers/STM32L4xx_HAL_Driver/Inc/stm32l4xx_ll_gpio.h:927:26:LL_GPIO_IsOutputPinSet	16	static
../Drivers/STM32L4xx_HAL_Driver/Inc/stm32l4xx_ll_gpio.h:956:22:LL_GPIO_SetOutputPin	16	static
../Drivers/STM32L4xx_HAL_Driver/Inc/stm32l4xx_ll_gpio.h:985:22:LL_GPIO_ResetOutputPin	16	static
../Applications/stepper_motor.c:18:6:Init_Stepper_Motor	8	static
../Applications/stepper_motor.c:26:6:Update_Stepper_Motor_Operation	8	static
../Applications/stepper_motor.c:66:6:Update_Motor_Current_Scale	32	static
../Applications/stepper_motor.c:87:6:Update_Motor_Speed	48	static
../Applications/stepper_motor.c:119:6:Update_Standalone_Configuration	8	static
